<area shape="rect" id="node3" href="$application_8hpp.html" title="application.hpp" alt="" coords="97,315,204,343">
<area shape="rect" id="node17" href="$main_8hpp.html" title="main.hpp" alt="" coords="1580,83,1655,111">
<area shape="rect" id="node22" href="$loadressourceexception_8hpp.html" title="loadressourceexception.hpp" alt="" coords="1631,315,1815,343">
<area shape="rect" id="node27" href="$ressourcefactory_8hpp.html" title="ressourcefactory.hpp" alt="" coords="1093,83,1235,111">
<area shape="rect" id="node40" href="$rmusic_8hpp.html" title="rmusic.hpp" alt="" coords="508,238,593,266">
<area shape="rect" id="node82" href="$window_8hpp.html" title="window.hpp" alt="" coords="344,238,432,266">
<area shape="rect" id="node88" href="$transition_8hpp.html" title="transition.hpp" alt="" coords="1839,315,1937,343">
<area shape="rect" id="node13" href="$singleton_8hpp.html" title="singleton.hpp" alt="" coords="5,393,104,421">
<area shape="rect" id="node34" href="$ressource_8hpp.html" title="ressource.hpp" alt="" coords="1183,315,1287,343">
<area shape="rect" id="node50" href="$rlevel_8hpp.html" title="rlevel.hpp" alt="" coords="1431,238,1505,266">
<area shape="rect" id="node54" href="$rimage_8hpp.html" title="rimage.hpp" alt="" coords="1068,238,1153,266">
<area shape="rect" id="node61" href="$rsprite_8hpp.html" title="rsprite.hpp" alt="" coords="792,161,875,189">
<area shape="rect" id="node69" href="$rtext_8hpp.html" title="rtext.hpp" alt="" coords="871,238,943,266">
<area shape="rect" id="node74" href="$rbackground_8hpp.html" title="rbackground.hpp" alt="" coords="1105,161,1223,189">
