<area shape="rect" id="node3" href="$loadressourceexception_8hpp.html" title="loadressourceexception.hpp" alt="" coords="5,315,189,343">
<area shape="rect" id="node9" href="$ressourcefactory_8hpp.html" title="ressourcefactory.hpp" alt="" coords="767,83,908,111">
<area shape="rect" id="node66" href="$main_8hpp.html" title="main.hpp" alt="" coords="189,83,264,111">
<area shape="rect" id="node71" href="$application_8hpp.html" title="application.hpp" alt="" coords="1515,315,1621,343">
<area shape="rect" id="node17" href="$ressource_8hpp.html" title="ressource.hpp" alt="" coords="483,315,587,343">
<area shape="rect" id="node24" href="$rmusic_8hpp.html" title="rmusic.hpp" alt="" coords="1125,238,1211,266">
<area shape="rect" id="node34" href="$rlevel_8hpp.html" title="rlevel.hpp" alt="" coords="264,238,339,266">
<area shape="rect" id="node38" href="$rimage_8hpp.html" title="rimage.hpp" alt="" coords="565,238,651,266">
<area shape="rect" id="node45" href="$rsprite_8hpp.html" title="rsprite.hpp" alt="" coords="624,161,707,189">
<area shape="rect" id="node53" href="$rtext_8hpp.html" title="rtext.hpp" alt="" coords="827,238,899,266">
<area shape="rect" id="node58" href="$rbackground_8hpp.html" title="rbackground.hpp" alt="" coords="731,161,848,189">
<area shape="rect" id="node79" href="$singleton_8hpp.html" title="singleton.hpp" alt="" coords="1644,393,1743,421">
