<area shape="rect" id="node3" href="$ressourcefactory_8hpp.html" title="G:/MyDocs/Ecole/R&#45;TypeGIT/rtype&#45;2012&#45;sellie_a/Engine/ressourcefactory.hpp" alt="" coords="440,161,912,189">
<area shape="rect" id="node9" href="$rsprite_8hpp.html" title="G:/MyDocs/Ecole/R&#45;TypeGIT/rtype&#45;2012&#45;sellie_a/Engine/rsprite.hpp" alt="" coords="228,83,639,111">
<area shape="rect" id="node14" href="$rbackground_8hpp.html" title="G:/MyDocs/Ecole/R&#45;TypeGIT/rtype&#45;2012&#45;sellie_a/Engine/rbackground.hpp" alt="" coords="713,83,1159,111">
<area shape="rect" id="node19" href="$rimage_8cpp.html" title="G:/MyDocs/Ecole/R&#45;TypeGIT/rtype&#45;2012&#45;sellie_a/Engine/rimage.cpp" alt="" coords="1183,83,1596,111">
<area shape="rect" id="node5" href="$application_8cpp.html" title="G:/MyDocs/Ecole/R&#45;TypeGIT/rtype&#45;2012&#45;sellie_a/Engine/application.cpp" alt="" coords="217,238,655,266">
<area shape="rect" id="node7" href="$ressourcefactory_8cpp.html" title="G:/MyDocs/Ecole/R&#45;TypeGIT/rtype&#45;2012&#45;sellie_a/Engine/ressourcefactory.cpp" alt="" coords="679,238,1151,266">
<area shape="rect" id="node12" href="$rsprite_8cpp.html" title="G:/MyDocs/Ecole/R&#45;TypeGIT/rtype&#45;2012&#45;sellie_a/Engine/rsprite.cpp" alt="" coords="5,161,416,189">
<area shape="rect" id="node17" href="$rbackground_8cpp.html" title="G:/MyDocs/Ecole/R&#45;TypeGIT/rtype&#45;2012&#45;sellie_a/Engine/rbackground.cpp" alt="" coords="936,161,1381,189">
