<area shape="rect" id="node3" href="$application_8cpp.html" title="G:/MyDocs/Ecole/R&#45;TypeGIT/rtype&#45;2012&#45;sellie_a/Engine/application.cpp" alt="" coords="5,83,443,111">
<area shape="rect" id="node5" href="$main_8cpp.html" title="G:/MyDocs/Ecole/R&#45;TypeGIT/rtype&#45;2012&#45;sellie_a/Engine/main.cpp" alt="" coords="467,83,869,111">
<area shape="rect" id="node7" href="$rbackground_8cpp.html" title="G:/MyDocs/Ecole/R&#45;TypeGIT/rtype&#45;2012&#45;sellie_a/Engine/rbackground.cpp" alt="" coords="893,83,1339,111">
<area shape="rect" id="node9" href="$rsprite_8cpp.html" title="G:/MyDocs/Ecole/R&#45;TypeGIT/rtype&#45;2012&#45;sellie_a/Engine/rsprite.cpp" alt="" coords="1363,83,1773,111">
<area shape="rect" id="node11" href="$rtext_8cpp.html" title="G:/MyDocs/Ecole/R&#45;TypeGIT/rtype&#45;2012&#45;sellie_a/Engine/rtext.cpp" alt="" coords="1797,83,2197,111">
<area shape="rect" id="node13" href="$window_8cpp.html" title="G:/MyDocs/Ecole/R&#45;TypeGIT/rtype&#45;2012&#45;sellie_a/Engine/window.cpp" alt="" coords="2221,83,2637,111">
